[backblue.gif]
[fade.gif]
[index.html]
[load.min4e44.js]
[cdn/common/js/jquery.base64.js]
[cdn/common/js/common4e44.js]
[index-2.html]
[cdn/swiper/css/swiper.min22c7.css]
[cdn/layui/css/layui22c7.css]
[cdn/common/css/common22c7.css]
[cdn/mairuan/mairuan1.1/css/foot_mr.css]
[cdn/layui/layui.all.js]
[WebSource/makeding/web/images2/idx_product_icon6.png]
[WebSource/makeding/web/images2/idx_product_icon7.png]
[WebSource/makeding/web/images2/idx_product_icon8.png]
[WebSource/makeding/web/images2/idx_product_icon11.png]
[WebSource/makeding/web/images2/idx_product_icon10.png]
[WebSource/makeding/web/images2/idx_product_icon9.png]
[cdn/mairuan/mairuan1.1/images/menu/gou_1.38.delayed]
[WebSource/makedingzh/web/images/news_20201111.jpg]
[cdn/mairuan/mairuan1.1/css/menu_mrc924.css]
[load.mina6e6.js]
[products.html]
[cdn/common/js/commona6e6.js]
[gongsizixun/index.html]
[about.html]
[event.html]
[WebSource/makeding/web/images2/footer_logo.png]
[idea.html]
[achieve.html]
[cdn/common/js/fastclick.js]
[analytics.js]
[cdn/mairuan/mairuan1.1/images/i_3_downloadbox.png]
[load.min1f0e.js]
[gongsizixun/cj-2021-niandu.html]
[cdn/mairuan/mairuan1.1/images/i_4_downloadbox.png]
[cdn/common/js/common1f0e.js]
[cdn/mairuan/mairuan1.1/images/menu/d_3.png]
[cdn/mairuan/mairuan1.1/images/menu/d_2.png]
[cdn/mairuan/mairuan1.1/images/menu/v1.png]
[cdn/mairuan/mairuan1.1/images/menu/d_1.png]
[cdn/mairuan/mairuan1.1/images/menu/d_4.png]
[gongsizixun/cj-ibm.html]
[load.minf940.js]
[cdn/mairuan/mairuan1.1/images/menu/v3.png]
[cdn/mairuan/mairuan1.1/images/menu/d_5.png]
[gongsizixun/cj-20201111.html]
[cdn/common/js/commonf940.js]
[cdn/mairuan/mairuan1.1/images/menu/v2.png]
[market/CJ-SUN.html]
[market/cj-netsarang.html]
[market/cj-huawei.html]
[team/cj-nianhui.html]
[load.min7c57.js]
[cdn/mairuan/mairuan1.1/images/menu/d_9.png]
[cdn/mairuan/mairuan1.1/images/menu/d_8.png]
[cdn/mairuan/mairuan1.1/images/menu/d_7.png]
[cdn/mairuan/mairuan1.1/images/menu/d_10.png]
[cdn/mairuan/mairuan1.1/images/menu/q_1.png]
[team/cj-lyb.html]
[cdn/common/js/common7c57.js]
[cdn/mairuan/mairuan1.1/images/menu/d_11.png]
[team/cj-1111.html]
[cdn/mairuan/mairuan1.1/images/menu/d_17.png]
[cdn/mairuan/mairuan1.1/images/menu/d_14.png]
[cdn/mairuan/mairuan1.1/images/menu/d_15.png]
[cdn/mairuan/mairuan1.1/images/menu/d_16.png]
[cdn/mairuan/mairuan1.1/images/menu/d_13.png]
[cdn/mairuan/mairuan1.1/images/menu/d_27.png]
[cdn/layui/font/iconfont87db.svg]
[cdn/mairuan/mairuan1.1/images/menu/d_27_v2.png]
[cdn/mairuan/mairuan1.1/images/menu/gou_1.html]
[cdn/mairuan/mairuan1.1/images/menu/d_12.png]
[cdn/mairuan/mairuan1.1/images/menu/d_18.png]
[cdn/mairuan/mairuan1.1/images/menu/d_19.png]
[cdn/mairuan/mairuan1.1/images/menu/cart_3.png]
[cdn/mairuan/mairuan1.1/images/menu/cart_4.png]
[cdn/mairuan/mairuan1.1/images/menu/d_26.png]
[WebSource/makeding/web/images2/prod_icon_vsp.png]
[WebSource/makeding/web/images2/prod_icon_vegas.png]
[WebSource/makeding/web/images2/prod_icon_edius.png]
[WebSource/makeding/web/images2/prod_icon_fl.png]
[WebSource/makeding/web/images2/prod_icon_gp.png]
[WebSource/makeding/web/images2/prod_icon_ot.png]
[WebSource/makeding/web/images2/prod_icon_em.png]
[WebSource/makeding/web/images2/prod_icon_so.png]
[WebSource/makeding/web/images2/prod_icon_boom3d.png]
[WebSource/makeding/web/images2/prod_icon_camtasia.png]
[WebSource/makeding/web/images2/prod_icon_borisfx.png]
[WebSource/makeding/web/images2/prod_icon_keyshot.png]
[WebSource/makeding/web/images2/prod_icon_zbrush.png]
[WebSource/makeding/web/images2/prod_icon_cdgs.png]
[WebSource/makeding/web/images2/prod_icon_photozoom.png]
[WebSource/makeding/web/images2/prod_icon_dongman.png]
[WebSource/makeding/web/images2/prod_icon_logo.png]
[WebSource/makeding/web/images2/prod_icon_hype.png]
[WebSource/makeding/web/images2/prod_icon_cmm.png]
[WebSource/makeding/web/images2/prod_icon_pntfs.png]
[WebSource/makeding/web/images2/prod_icon_tntfs.png]
[WebSource/makeding/web/images2/prod_icon_betterzip.png]
[WebSource/makeding/web/images2/prod_icon_pdf.png]
[WebSource/makeding/web/images2/prod_icon_crossover.png]
[WebSource/makeding/web/images2/prod_icon_ccleaner.png]
[WebSource/makeding/web/images2/prod_icon_imazing.png]
[WebSource/makeding/web/images2/prod_icon_mmper.png]
[WebSource/makeding/web/images2/prod_icon_folx.png]
[WebSource/makeding/web/images2/prod_icon_mathType.png]
[WebSource/makeding/web/images2/prod_icon_mm.png]
[WebSource/makeding/web/images2/prod_icon_imm.png]
[WebSource/makeding/web/images2/prod_icon_chemdraw.png]
[WebSource/makeding/web/images2/abbyychanpin.png]
[WebSource/makeding/web/images2/BeyondComparelogo.png]
[WebSource/makeding/web/images2/prod_icon_pdfFactory.png]
[WebSource/makeding/web/images2/erlogo.png]
[WebSource/makeding/web/images2/bingdianhuanyuanlogo2.png]
[WebSource/makeding/web/images2/prod_icon_jihe.png]
[WebSource/makeding/web/images2/prod_icon_boom3d_2.png]
[WebSource/makeding/web/images2/prod_icon_er_2.png]
[WebSource/makeding/web/images2/prod_icon_camtasia_2.png]
[WebSource/makeding/web/images2/prod_icon_folx_2.png]
[WebSource/makeding/web/images2/prod_icon_hype_2.png]
[WebSource/makeding/web/images2/prod_icon_imazing_2.png]
[WebSource/makeding/web/images2/prod_icon_pdfFactory_2.png]
[WebSource/makeding/web/images2/search.png]
[WebSource/makedingzh/web/images/news_a1-18.jpg]
[WebSource/makedingzh/web/images/news_a1-17.jpg]
[WebSource/makedingzh/web/images/news_a1-16.jpg]
[WebSource/makeding/web/images2/news_img3.jpg]
[WebSource/makeding/web/images2/news_video_player.png]
[WebSource/makedingzh/web/images/news_prodad.jpg]
[WebSource/minitab/web/images/wxgongzhonghao.png]
[WebSource/minitab/web/images/about_yuanjing.png]
[WebSource/minitab/web/images/about_shiming.png]
[WebSource/minitab/web/images/about_jiazhiguan.png]
[load.min9f4d.js]
[WebSource/minitab/web/images/about_fangfalun.png]
[WebSource/makedingzh/web/images/1556518089079-9014.jpg]
[team/index.html]
[cdn/common/js/common9f4d.js]
[market/index.html]
[WebSource/makedingzh/web/images/1556518112786-7775.jpg]
[WebSource/makedingzh/web/images/1553763536923-8684.jpg]
[WebSource/makedingzh/web/images/1553763646022-1077.jpg]
[WebSource/makedingzh/news/images/5fe55f490e2a3.jpg]
[WebSource/makedingzh/web/images/1556518037036-8982.jpg]
[WebSource/makedingzh/news/images/5fe55f2c6db9b.jpg]
[WebSource/makedingzh/news/images/5fe55f95c27a2.jpg]
[WebSource/makedingzh/news/images/5fe5604e1aca9.jpg]
[WebSource/makedingzh/news/images/5fe55fa2f2a26.jpg]
[load.mine299.js]
[WebSource/makedingzh/news/images/5fe55fcc169d2.jpg]
[gongsizixun/cj-prodad.html]
[cdn/common/js/commone299.js]
[WebSource/makedingzh/news/images/5fcf13965f391.png]
[WebSource/makedingzh/news/images/5fcf150d0d678.png]
[WebSource/makedingzh/news/images/5fa0c2b3f31d8.png]
[WebSource/makedingzh/news/images/5fa21d8b49dd4.jpg]
[WebSource/makedingzh/news/images/5fa0c2b3d92a5.jpg]
[WebSource/makedingzh/news/images/5fa0c2b3d7619.jpg]
[WebSource/makeding/news/old/uploads/images/sunyixin/timg.jpg]
[WebSource/makeding/news/old/uploads/images/sunyixin/微信截图_20180927143227.jpg]
[WebSource/makeding/news/old/uploads/images/sunyixin/tw_article_photo_20180925143833_297.jpg]
[WebSource/makeding/news/old/uploads/images/sunyixin/tw_article_coverphoto_20180925145858_l8i.jpg]
[WebSource/makeding/news/old/uploads/images/sunyixin/tw_article_photo_20180925143829_xup.jpg]
[WebSource/makeding/news/old/uploads/images/sunyixin/微信截图_20180928144634.jpg]
[WebSource/makeding/news/old/uploads/images/sunyixin/WeChat 圖片_20180919164210.jpg]
[WebSource/makeding/news/old/uploads/images/sunyixin/企业微信截图_15307553497267(1).png]
[WebSource/makedingzh/web/images/new_a10.png]
[WebSource/makedingzh/web/images/new_a11.png]
[WebSource/makeding/web/images2/sijie.png]
[WebSource/makeding/news/old/uploads/images/huawei/timg (13).jpg]
[WebSource/makeding/news/old/uploads/images/makeding/nianhui3.jpg]
[WebSource/makeding/news/old/uploads/images/makeding/nianhui4.jpg]
[WebSource/makeding/news/old/uploads/images/makeding/nianhui5.jpg]
[WebSource/makeding/news/old/uploads/images/makeding/nianhui10.jpg]
[WebSource/makeding/news/old/uploads/images/makeding/nianhui7.jpg]
[WebSource/makeding/news/old/uploads/images/makeding/nianhui12.jpg]
[WebSource/makeding/news/old/uploads/images/makeding/nianhui13.jpg]
[WebSource/makeding/news/old/uploads/images/makeding/nianhui14.jpg]
[WebSource/makeding/news/old/uploads/images/makeding/nianhui15.jpg]
[load.minf07f.js]
[WebSource/makeding/news/old/uploads/images/makeding/nianhui16.jpg]
[market/CJ-CDR2019.html]
[cdn/common/js/commonf07f.js]
[WebSource/makeding/news/old/uploads/images/makeding/nianhui18.jpg]
[WebSource/makeding/news/old/uploads/images/makeding/nianhui19.jpg]
[load.min08a9.js]
[WebSource/makeding/news/old/uploads/images/makeding/nianhui21.jpg]
[market/cj-zuolun.html]
[cdn/common/js/common08a9.js]
[WebSource/makedingzh/web/images/idx_new_a8.jpg]
[WebSource/makedingzh/web/images/idx_new_a9.jpg]
[WebSource/makeding/news/old/uploads/images/makeding/nianhui22.jpg]
[WebSource/makeding/news/old/uploads/images/图片1.png]
[WebSource/makeding/news/old/uploads/images/标语2.jpg]
[WebSource/makeding/news/old/uploads/images/合家欢.jpg]
[WebSource/makeding/news/old/uploads/images/shuangshiyi/75a7ba7a-402e-4cc1-8fbf-96b28dbfceaf.jpg]
[WebSource/makeding/news/old/uploads/images/shuangshiyi/图片3.jpg]
[WebSource/makeding/news/old/uploads/images/shuangshiyi/96.jpg]
[WebSource/makedingzh/web/images/news_b1-1.jpg]
[WebSource/makedingzh/web/images/news_b1-2.jpg]
[WebSource/makedingzh/web/images/news_b1-3.jpg]
[WebSource/makedingzh/web/images/idx_new_a7.jpg]
[WebSource/makedingzh/web/images/news_c1.jpg]
[WebSource/makedingzh/web/images/news_c1-1.jpg]
[WebSource/makedingzh/web/images/news_c1-2.jpg]
[WebSource/makedingzh/web/images/news_c1-3.jpg]
[load.minec6e.js]
[WebSource/makeding/news/old/uploads/images/xpfbh-1.jpg]
[WebSource/makeding/news/old/uploads/images/xpfbh-2.png]
[team/xiangshan-2016.html]
[cdn/common/js/commonec6e.js]
[WebSource/makeding/news/old/uploads/images/xpfbh-6.jpg]
[WebSource/makeding/news/old/uploads/images/xpfbh-5.png]
[load.min3876.js]
[market/cj-Exposure.html]
[market/cj-VEGAS.html]
[cdn/common/js/common3876.js]
[WebSource/makeding/news/old/uploads/images/makeding/gongsizixun/16chunyou-2.jpg]
[WebSource/makeding/news/old/uploads/images/makeding/gongsizixun/16chunyou-4.jpg]
[WebSource/makeding/news/old/uploads/images/makeding/gongsizixun/16chunyou-3.jpg]
[WebSource/makeding/news/old/uploads/images/makeding/gongsizixun/16chunyou-5.jpg]
[WebSource/makeding/news/old/uploads/images/makeding/gongsizixun/16chunyou-6.jpg]
[WebSource/makeding/news/old/uploads/images/makeding/gongsizixun/16chunyou-7.jpg]
[WebSource/makeding/news/old/uploads/images/makeding/gongsizixun/16chunyou-8.jpg]
[WebSource/makeding/news/old/uploads/images/makeding/gongsizixun/16chunyou-10.jpg]
[WebSource/makeding/news/old/uploads/images/makeding/gongsizixun/16chunyou-11.jpg]
